// Jest Snapshot v1, https://goo.gl/fbAQLP

exports[`Button renders correctly 1`] = `
<styled.button
  bgColor="#fff"
  onClick={[Function]}
  onFocus={[Function]}
  tabIndex="0"
  type="submit"
>
  <styled.p
    labelColor="#000"
  >
    Test Label
  </styled.p>
</styled.button>
`;
